▿ CollageData
  ▿ annotations: 1 element
    ▿ Annotation
      ▿ coordinates: Coordinates
        - height: 138.0
        - width: 138.0
        - x: 80.0
        - y: 80.0
      - label: "monke"
  - image: "Test CollageSet_1"
