▿ CollageData
  ▿ annotations: 1 element
    ▿ Annotation
      ▿ coordinates: Coordinates
        - height: 152.0
        - width: 152.0
        - x: 76.0
        - y: 76.0
      - label: "monke"
  - image: "Test CollageSet_2"
