▿ CollageData
  ▿ annotations: 1 element
    ▿ Annotation
      ▿ coordinates: Coordinates
        - height: 125.0
        - width: 125.0
        - x: 62.5
        - y: 72.5
      - label: "monke"
  - image: "Test CollageSet_2"
