▿ CollageData
  ▿ annotation: 1 element
    ▿ Annotation
      ▿ coordinates: Coordinates
        - height: 100.0
        - width: 100.0
        - x: 200.0
        - y: 25.0
      - label: "monke"
  - imagefilename: "ProjectTitle"
