- "[\n  {\n    \"annotation\" : [\n      {\n        \"coordinates\" : {\n          \"height\" : 50,\n          \"width\" : 50,\n          \"x\" : 25,\n          \"y\" : 25\n        },\n        \"label\" : \"monke\"\n      }\n    ],\n    \"imagefilename\" : \"ProjectTitle0\"\n  },\n  {\n    \"annotation\" : [\n      {\n        \"coordinates\" : {\n          \"height\" : 100,\n          \"width\" : 100,\n          \"x\" : 50,\n          \"y\" : 50\n        },\n        \"label\" : \"monke\"\n      }\n    ],\n    \"imagefilename\" : \"ProjectTitle1\"\n  },\n  {\n    \"annotation\" : [\n      {\n        \"coordinates\" : {\n          \"height\" : 50,\n          \"width\" : 50,\n          \"x\" : 25,\n          \"y\" : 25\n        },\n        \"label\" : \"monke\"\n      }\n    ],\n    \"imagefilename\" : \"ProjectTitle2\"\n  },\n  {\n    \"annotation\" : [\n      {\n        \"coordinates\" : {\n          \"height\" : 100,\n          \"width\" : 100,\n          \"x\" : 50,\n          \"y\" : 50\n        },\n        \"label\" : \"monke\"\n      }\n    ],\n    \"imagefilename\" : \"ProjectTitle3\"\n  },\n  {\n    \"annotation\" : [\n      {\n        \"coordinates\" : {\n          \"height\" : 50,\n          \"width\" : 50,\n          \"x\" : 225,\n          \"y\" : 25\n        },\n        \"label\" : \"monke\"\n      }\n    ],\n    \"imagefilename\" : \"ProjectTitle4\"\n  },\n  {\n    \"annotation\" : [\n      {\n        \"coordinates\" : {\n          \"height\" : 50,\n          \"width\" : 50,\n          \"x\" : 225,\n          \"y\" : 100\n        },\n        \"label\" : \"monke\"\n      }\n    ],\n    \"imagefilename\" : \"ProjectTitle5\"\n  },\n  {\n    \"annotation\" : [\n      {\n        \"coordinates\" : {\n          \"height\" : 50,\n          \"width\" : 50,\n          \"x\" : 25,\n          \"y\" : 100\n        },\n        \"label\" : \"monke\"\n      }\n    ],\n    \"imagefilename\" : \"ProjectTitle6\"\n  },\n  {\n    \"annotation\" : [\n      {\n        \"coordinates\" : {\n          \"height\" : 100,\n          \"width\" : 100,\n          \"x\" : 200,\n          \"y\" : 50\n        },\n        \"label\" : \"monke\"\n      }\n    ],\n    \"imagefilename\" : \"ProjectTitle7\"\n  },\n  {\n    \"annotation\" : [\n      {\n        \"coordinates\" : {\n          \"height\" : 100,\n          \"width\" : 100,\n          \"x\" : 200,\n          \"y\" : 75\n        },\n        \"label\" : \"monke\"\n      }\n    ],\n    \"imagefilename\" : \"ProjectTitle8\"\n  },\n  {\n    \"annotation\" : [\n      {\n        \"coordinates\" : {\n          \"height\" : 100,\n          \"width\" : 100,\n          \"x\" : 50,\n          \"y\" : 75\n        },\n        \"label\" : \"monke\"\n      }\n    ],\n    \"imagefilename\" : \"ProjectTitle9\"\n  },\n  {\n    \"annotation\" : [\n      {\n        \"coordinates\" : {\n          \"height\" : 50,\n          \"width\" : 50,\n          \"x\" : 225,\n          \"y\" : 25\n        },\n        \"label\" : \"monke\"\n      }\n    ],\n    \"imagefilename\" : \"ProjectTitle10\"\n  },\n  {\n    \"annotation\" : [\n      {\n        \"coordinates\" : {\n          \"height\" : 50,\n          \"width\" : 50,\n          \"x\" : 225,\n          \"y\" : 100\n        },\n        \"label\" : \"monke\"\n      }\n    ],\n    \"imagefilename\" : \"ProjectTitle11\"\n  },\n  {\n    \"annotation\" : [\n      {\n        \"coordinates\" : {\n          \"height\" : 50,\n          \"width\" : 50,\n          \"x\" : 25,\n          \"y\" : 100\n        },\n        \"label\" : \"monke\"\n      }\n    ],\n    \"imagefilename\" : \"ProjectTitle12\"\n  },\n  {\n    \"annotation\" : [\n      {\n        \"coordinates\" : {\n          \"height\" : 100,\n          \"width\" : 100,\n          \"x\" : 200,\n          \"y\" : 50\n        },\n        \"label\" : \"monke\"\n      }\n    ],\n    \"imagefilename\" : \"ProjectTitle13\"\n  },\n  {\n    \"annotation\" : [\n      {\n        \"coordinates\" : {\n          \"height\" : 100,\n          \"width\" : 100,\n          \"x\" : 200,\n          \"y\" : 75\n        },\n        \"label\" : \"monke\"\n      }\n    ],\n    \"imagefilename\" : \"ProjectTitle14\"\n  },\n  {\n    \"annotation\" : [\n      {\n        \"coordinates\" : {\n          \"height\" : 100,\n          \"width\" : 100,\n          \"x\" : 50,\n          \"y\" : 75\n        },\n        \"label\" : \"monke\"\n      }\n    ],\n    \"imagefilename\" : \"ProjectTitle15\"\n  },\n  {\n    \"annotation\" : [\n      {\n        \"coordinates\" : {\n          \"height\" : 50,\n          \"width\" : 50,\n          \"x\" : 25,\n          \"y\" : 25\n        },\n        \"label\" : \"monke\"\n      }\n    ],\n    \"imagefilename\" : \"ProjectTitle16\"\n  },\n  {\n    \"annotation\" : [\n      {\n        \"coordinates\" : {\n          \"height\" : 50,\n          \"width\" : 50,\n          \"x\" : 25,\n          \"y\" : 25\n        },\n        \"label\" : \"monke\"\n      }\n    ],\n    \"imagefilename\" : \"ProjectTitle17\"\n  },\n  {\n    \"annotation\" : [\n      {\n        \"coordinates\" : {\n          \"height\" : 50,\n          \"width\" : 50,\n          \"x\" : 25,\n          \"y\" : 25\n        },\n        \"label\" : \"monke\"\n      }\n    ],\n    \"imagefilename\" : \"ProjectTitle18\"\n  },\n  {\n    \"annotation\" : [\n      {\n        \"coordinates\" : {\n          \"height\" : 100,\n          \"width\" : 100,\n          \"x\" : 50,\n          \"y\" : 50\n        },\n        \"label\" : \"monke\"\n      }\n    ],\n    \"imagefilename\" : \"ProjectTitle19\"\n  },\n  {\n    \"annotation\" : [\n      {\n        \"coordinates\" : {\n          \"height\" : 100,\n          \"width\" : 100,\n          \"x\" : 50,\n          \"y\" : 50\n        },\n        \"label\" : \"monke\"\n      }\n    ],\n    \"imagefilename\" : \"ProjectTitle20\"\n  },\n  {\n    \"annotation\" : [\n      {\n        \"coordinates\" : {\n          \"height\" : 100,\n          \"width\" : 100,\n          \"x\" : 50,\n          \"y\" : 50\n        },\n        \"label\" : \"monke\"\n      }\n    ],\n    \"imagefilename\" : \"ProjectTitle21\"\n  },\n  {\n    \"annotation\" : [\n      {\n        \"coordinates\" : {\n          \"height\" : 50,\n          \"width\" : 50,\n          \"x\" : 25,\n          \"y\" : 25\n        },\n        \"label\" : \"monke\"\n      }\n    ],\n    \"imagefilename\" : \"ProjectTitle22\"\n  },\n  {\n    \"annotation\" : [\n      {\n        \"coordinates\" : {\n          \"height\" : 50,\n          \"width\" : 50,\n          \"x\" : 25,\n          \"y\" : 25\n        },\n        \"label\" : \"monke\"\n      }\n    ],\n    \"imagefilename\" : \"ProjectTitle23\"\n  },\n  {\n    \"annotation\" : [\n      {\n        \"coordinates\" : {\n          \"height\" : 50,\n          \"width\" : 50,\n          \"x\" : 25,\n          \"y\" : 25\n        },\n        \"label\" : \"monke\"\n      }\n    ],\n    \"imagefilename\" : \"ProjectTitle24\"\n  },\n  {\n    \"annotation\" : [\n      {\n        \"coordinates\" : {\n          \"height\" : 100,\n          \"width\" : 100,\n          \"x\" : 50,\n          \"y\" : 50\n        },\n        \"label\" : \"monke\"\n      }\n    ],\n    \"imagefilename\" : \"ProjectTitle25\"\n  },\n  {\n    \"annotation\" : [\n      {\n        \"coordinates\" : {\n          \"height\" : 100,\n          \"width\" : 100,\n          \"x\" : 50,\n          \"y\" : 50\n        },\n        \"label\" : \"monke\"\n      }\n    ],\n    \"imagefilename\" : \"ProjectTitle26\"\n  },\n  {\n    \"annotation\" : [\n      {\n        \"coordinates\" : {\n          \"height\" : 100,\n          \"width\" : 100,\n          \"x\" : 50,\n          \"y\" : 50\n        },\n        \"label\" : \"monke\"\n      }\n    ],\n    \"imagefilename\" : \"ProjectTitle27\"\n  },\n  {\n    \"annotation\" : [\n      {\n        \"coordinates\" : {\n          \"height\" : 50,\n          \"width\" : 50,\n          \"x\" : -175,\n          \"y\" : 25\n        },\n        \"label\" : \"monke\"\n      }\n    ],\n    \"imagefilename\" : \"ProjectTitle28\"\n  },\n  {\n    \"annotation\" : [\n      {\n        \"coordinates\" : {\n          \"height\" : 50,\n          \"width\" : 50,\n          \"x\" : -175,\n          \"y\" : 25\n        },\n        \"label\" : \"monke\"\n      }\n    ],\n    \"imagefilename\" : \"ProjectTitle29\"\n  },\n  {\n    \"annotation\" : [\n      {\n        \"coordinates\" : {\n          \"height\" : 50,\n          \"width\" : 50,\n          \"x\" : 225,\n          \"y\" : 25\n        },\n        \"label\" : \"monke\"\n      }\n    ],\n    \"imagefilename\" : \"ProjectTitle30\"\n  },\n  {\n    \"annotation\" : [\n      {\n        \"coordinates\" : {\n          \"height\" : 50,\n          \"width\" : 50,\n          \"x\" : -175,\n          \"y\" : 100\n        },\n        \"label\" : \"monke\"\n      }\n    ],\n    \"imagefilename\" : \"ProjectTitle31\"\n  },\n  {\n    \"annotation\" : [\n      {\n        \"coordinates\" : {\n          \"height\" : 50,\n          \"width\" : 50,\n          \"x\" : -175,\n          \"y\" : -50\n        },\n        \"label\" : \"monke\"\n      }\n    ],\n    \"imagefilename\" : \"ProjectTitle32\"\n  },\n  {\n    \"annotation\" : [\n      {\n        \"coordinates\" : {\n          \"height\" : 50,\n          \"width\" : 50,\n          \"x\" : 225,\n          \"y\" : -50\n        },\n        \"label\" : \"monke\"\n      }\n    ],\n    \"imagefilename\" : \"ProjectTitle33\"\n  },\n  {\n    \"annotation\" : [\n      {\n        \"coordinates\" : {\n          \"height\" : 50,\n          \"width\" : 50,\n          \"x\" : 25,\n          \"y\" : 100\n        },\n        \"label\" : \"monke\"\n      }\n    ],\n    \"imagefilename\" : \"ProjectTitle34\"\n  },\n  {\n    \"annotation\" : [\n      {\n        \"coordinates\" : {\n          \"height\" : 50,\n          \"width\" : 50,\n          \"x\" : 25,\n          \"y\" : -50\n        },\n        \"label\" : \"monke\"\n      }\n    ],\n    \"imagefilename\" : \"ProjectTitle35\"\n  },\n  {\n    \"annotation\" : [\n      {\n        \"coordinates\" : {\n          \"height\" : 50,\n          \"width\" : 50,\n          \"x\" : 25,\n          \"y\" : -50\n        },\n        \"label\" : \"monke\"\n      }\n    ],\n    \"imagefilename\" : \"ProjectTitle36\"\n  },\n  {\n    \"annotation\" : [\n      {\n        \"coordinates\" : {\n          \"height\" : 100,\n          \"width\" : 100,\n          \"x\" : -100,\n          \"y\" : 50\n        },\n        \"label\" : \"monke\"\n      }\n    ],\n    \"imagefilename\" : \"ProjectTitle37\"\n  },\n  {\n    \"annotation\" : [\n      {\n        \"coordinates\" : {\n          \"height\" : 100,\n          \"width\" : 100,\n          \"x\" : -100,\n          \"y\" : 50\n        },\n        \"label\" : \"monke\"\n      }\n    ],\n    \"imagefilename\" : \"ProjectTitle38\"\n  },\n  {\n    \"annotation\" : [\n      {\n        \"coordinates\" : {\n          \"height\" : 100,\n          \"width\" : 100,\n          \"x\" : 200,\n          \"y\" : 50\n        },\n        \"label\" : \"monke\"\n      }\n    ],\n    \"imagefilename\" : \"ProjectTitle39\"\n  },\n  {\n    \"annotation\" : [\n      {\n        \"coordinates\" : {\n          \"height\" : 100,\n          \"width\" : 100,\n          \"x\" : -100,\n          \"y\" : 75\n        },\n        \"label\" : \"monke\"\n      }\n    ],\n    \"imagefilename\" : \"ProjectTitle40\"\n  },\n  {\n    \"annotation\" : [\n      {\n        \"coordinates\" : {\n          \"height\" : 100,\n          \"width\" : 100,\n          \"x\" : -100,\n          \"y\" : 25\n        },\n        \"label\" : \"monke\"\n      }\n    ],\n    \"imagefilename\" : \"ProjectTitle41\"\n  },\n  {\n    \"annotation\" : [\n      {\n        \"coordinates\" : {\n          \"height\" : 100,\n          \"width\" : 100,\n          \"x\" : 200,\n          \"y\" : 25\n        },\n        \"label\" : \"monke\"\n      }\n    ],\n    \"imagefilename\" : \"ProjectTitle42\"\n  },\n  {\n    \"annotation\" : [\n      {\n        \"coordinates\" : {\n          \"height\" : 100,\n          \"width\" : 100,\n          \"x\" : 50,\n          \"y\" : 75\n        },\n        \"label\" : \"monke\"\n      }\n    ],\n    \"imagefilename\" : \"ProjectTitle43\"\n  },\n  {\n    \"annotation\" : [\n      {\n        \"coordinates\" : {\n          \"height\" : 100,\n          \"width\" : 100,\n          \"x\" : 50,\n          \"y\" : 25\n        },\n        \"label\" : \"monke\"\n      }\n    ],\n    \"imagefilename\" : \"ProjectTitle44\"\n  },\n  {\n    \"annotation\" : [\n      {\n        \"coordinates\" : {\n          \"height\" : 100,\n          \"width\" : 100,\n          \"x\" : 50,\n          \"y\" : 25\n        },\n        \"label\" : \"monke\"\n      }\n    ],\n    \"imagefilename\" : \"ProjectTitle45\"\n  },\n  {\n    \"annotation\" : [\n      {\n        \"coordinates\" : {\n          \"height\" : 50,\n          \"width\" : 50,\n          \"x\" : -175,\n          \"y\" : 25\n        },\n        \"label\" : \"monke\"\n      }\n    ],\n    \"imagefilename\" : \"ProjectTitle46\"\n  },\n  {\n    \"annotation\" : [\n      {\n        \"coordinates\" : {\n          \"height\" : 50,\n          \"width\" : 50,\n          \"x\" : -175,\n          \"y\" : 25\n        },\n        \"label\" : \"monke\"\n      }\n    ],\n    \"imagefilename\" : \"ProjectTitle47\"\n  },\n  {\n    \"annotation\" : [\n      {\n        \"coordinates\" : {\n          \"height\" : 50,\n          \"width\" : 50,\n          \"x\" : 225,\n          \"y\" : 25\n        },\n        \"label\" : \"monke\"\n      }\n    ],\n    \"imagefilename\" : \"ProjectTitle48\"\n  },\n  {\n    \"annotation\" : [\n      {\n        \"coordinates\" : {\n          \"height\" : 50,\n          \"width\" : 50,\n          \"x\" : -175,\n          \"y\" : 100\n        },\n        \"label\" : \"monke\"\n      }\n    ],\n    \"imagefilename\" : \"ProjectTitle49\"\n  },\n  {\n    \"annotation\" : [\n      {\n        \"coordinates\" : {\n          \"height\" : 50,\n          \"width\" : 50,\n          \"x\" : -175,\n          \"y\" : -50\n        },\n        \"label\" : \"monke\"\n      }\n    ],\n    \"imagefilename\" : \"ProjectTitle50\"\n  },\n  {\n    \"annotation\" : [\n      {\n        \"coordinates\" : {\n          \"height\" : 50,\n          \"width\" : 50,\n          \"x\" : 225,\n          \"y\" : -50\n        },\n        \"label\" : \"monke\"\n      }\n    ],\n    \"imagefilename\" : \"ProjectTitle51\"\n  },\n  {\n    \"annotation\" : [\n      {\n        \"coordinates\" : {\n          \"height\" : 50,\n          \"width\" : 50,\n          \"x\" : 25,\n          \"y\" : 100\n        },\n        \"label\" : \"monke\"\n      }\n    ],\n    \"imagefilename\" : \"ProjectTitle52\"\n  },\n  {\n    \"annotation\" : [\n      {\n        \"coordinates\" : {\n          \"height\" : 50,\n          \"width\" : 50,\n          \"x\" : 25,\n          \"y\" : -50\n        },\n        \"label\" : \"monke\"\n      }\n    ],\n    \"imagefilename\" : \"ProjectTitle53\"\n  },\n  {\n    \"annotation\" : [\n      {\n        \"coordinates\" : {\n          \"height\" : 50,\n          \"width\" : 50,\n          \"x\" : 25,\n          \"y\" : -50\n        },\n        \"label\" : \"monke\"\n      }\n    ],\n    \"imagefilename\" : \"ProjectTitle54\"\n  },\n  {\n    \"annotation\" : [\n      {\n        \"coordinates\" : {\n          \"height\" : 100,\n          \"width\" : 100,\n          \"x\" : -100,\n          \"y\" : 50\n        },\n        \"label\" : \"monke\"\n      }\n    ],\n    \"imagefilename\" : \"ProjectTitle55\"\n  },\n  {\n    \"annotation\" : [\n      {\n        \"coordinates\" : {\n          \"height\" : 100,\n          \"width\" : 100,\n          \"x\" : -100,\n          \"y\" : 50\n        },\n        \"label\" : \"monke\"\n      }\n    ],\n    \"imagefilename\" : \"ProjectTitle56\"\n  },\n  {\n    \"annotation\" : [\n      {\n        \"coordinates\" : {\n          \"height\" : 100,\n          \"width\" : 100,\n          \"x\" : 200,\n          \"y\" : 50\n        },\n        \"label\" : \"monke\"\n      }\n    ],\n    \"imagefilename\" : \"ProjectTitle57\"\n  },\n  {\n    \"annotation\" : [\n      {\n        \"coordinates\" : {\n          \"height\" : 100,\n          \"width\" : 100,\n          \"x\" : -100,\n          \"y\" : 75\n        },\n        \"label\" : \"monke\"\n      }\n    ],\n    \"imagefilename\" : \"ProjectTitle58\"\n  },\n  {\n    \"annotation\" : [\n      {\n        \"coordinates\" : {\n          \"height\" : 100,\n          \"width\" : 100,\n          \"x\" : -100,\n          \"y\" : 25\n        },\n        \"label\" : \"monke\"\n      }\n    ],\n    \"imagefilename\" : \"ProjectTitle59\"\n  },\n  {\n    \"annotation\" : [\n      {\n        \"coordinates\" : {\n          \"height\" : 100,\n          \"width\" : 100,\n          \"x\" : 200,\n          \"y\" : 25\n        },\n        \"label\" : \"monke\"\n      }\n    ],\n    \"imagefilename\" : \"ProjectTitle60\"\n  },\n  {\n    \"annotation\" : [\n      {\n        \"coordinates\" : {\n          \"height\" : 100,\n          \"width\" : 100,\n          \"x\" : 50,\n          \"y\" : 75\n        },\n        \"label\" : \"monke\"\n      }\n    ],\n    \"imagefilename\" : \"ProjectTitle61\"\n  },\n  {\n    \"annotation\" : [\n      {\n        \"coordinates\" : {\n          \"height\" : 100,\n          \"width\" : 100,\n          \"x\" : 50,\n          \"y\" : 25\n        },\n        \"label\" : \"monke\"\n      }\n    ],\n    \"imagefilename\" : \"ProjectTitle62\"\n  },\n  {\n    \"annotation\" : [\n      {\n        \"coordinates\" : {\n          \"height\" : 100,\n          \"width\" : 100,\n          \"x\" : 50,\n          \"y\" : 25\n        },\n        \"label\" : \"monke\"\n      }\n    ],\n    \"imagefilename\" : \"ProjectTitle63\"\n  }\n]"
