▿ CollageData
  ▿ annotations: 1 element
    ▿ Annotation
      ▿ coordinates: Coordinates
        - height: 100.0
        - width: 100.0
        - x: -100.0
        - y: 25.0
      - label: "monke"
  - image: "project title"
