▿ CollageData
  ▿ annotations: 1 element
    ▿ Annotation
      ▿ coordinates: Coordinates
        - height: 167.0
        - width: 167.0
        - x: 119.5
        - y: 119.5
      - label: "monke"
  - image: "Test CollageSet_3"
