▿ 1 element
  ▿ Annotation
    ▿ coordinates: Coordinates
      - height: 51.0
      - width: 50.0
      - x: 125.0
      - y: 62.5
    - label: "monke"
