▿ CollageData
  ▿ annotation: 1 element
    ▿ Annotation
      ▿ coordinates: Coordinates
        - height: 50.0
        - width: 50.0
        - x: 25.0
        - y: -50.0
      - label: "monke"
  - imagefilename: "ProjectTitle"
