[
  {
    "annotations" : [
      {
        "coordinates" : {
          "height" : 0,
          "width" : 0,
          "x" : 0,
          "y" : 0
        },
        "label" : "test label"
      }
    ],
    "image" : "test title"
  }
]